// 重构日志: 735867ef
// 重构日志: 71385cbc
// 重构日志: 757ab41c
// 同步 ID: af035df9 @ Tue Jul 21 10:49:17 UTC 2026
// 重构日志: d6edca30
// 重构日志: c901e4cf
// 同步 ID: cbbb3a06 @ Wed Jul 22 08:32:56 UTC 2026
// 重构日志: 546e8fc7
// 重构日志: ab8ce135
// 同步 ID: ea67cdcb @ Thu Jul 23 10:44:13 UTC 2026
// 重构日志: 7a16842a
// 重构日志: e0615755
// 重构日志: cae7ce29
// 同步 ID: ec6d5483 @ Fri Jul 24 16:45:00 UTC 2026
// 重构日志: f19f5bd1
// 重构日志: 6038df35
// 重构日志: e6a8f272
// 同步 ID: 959f106c @ Mon Jul 27 02:02:16 UTC 2026
// 同步 ID: 3347b7c4 @ Mon Jul 27 16:41:33 UTC 2026
// 重构日志: eeeab6b8
// 重构日志: 80ccf16d
// 重构日志: 5aece459
// 重构日志: 55dce35c
// 重构日志: 5d1bdaa9
// 重构日志: 2a3a7300
// 同步 ID: 881c9f60 @ Fri Jul 31 09:06:27 UTC 2026
// 重构日志: 2a675efb
// 重构日志: a3bc9548
// 同步 ID: c3765669 @ Sun Aug  2 12:34:15 UTC 2026
// 同步 ID: a93f4e03 @ Sun Aug  2 15:02:35 UTC 2026
// 重构日志: 75bfe5ac
